in_source: |-
  (define hi "Hello/World!")
  (print hi)

in_stdin: |-
  booboo

out_mnemonics: |-
  0 - 0xf001 - [<Opcode.JMP: '0xF000'>, 1, 0]
  1 - 0xa000 - [<Opcode.LOAD: '0xA000'>, 'hi', 0]
  2 - 0x1500 - [<Opcode.EPUSH: '0x1500'>, None, 0]
  3 - 0xa400 - [<Opcode.LOAD: '0xA000'>, <Data.EStack: 4>, 0]
  4 - 0xac00 - [<Opcode.LOAD: '0xA000'>, <Data.Ar: 5>, 0]
  5 - 0x1200 - [<Opcode.CMP: '0x1200'>, None, 0]
  6 - 0xe00a - [<Opcode.JZ: '0xE000'>, 10, 0]
  7 - 0x1d00 - [<Opcode.PRINT: '0x1D00'>, None, 0]
  8 - 0x1e00 - [<Opcode.INCESTACK: '0x1E00'>, None, 0]
  9 - 0xf003 - [<Opcode.JMP: '0xF000'>, 3, 0]
  10 - 0x1600 - [<Opcode.EPOP: '0x1600'>, None, 0]
  11 - 0x1100 - [<Opcode.HALT: '0x1100'>, None, 0]
  
