in_source: |-
  (define x 1)
  (define y 2)
  (print (if (== x y) "TRazsdsdfg" "F"))

in_stdin: |-
  booboo

out_stdout: |-
  ['F']


out_mnemonics: |-
  0 - 0xf001 - [<Opcode.JMP: '0xF000'>, 1, 0]
  1 - 0xa000 - [<Opcode.LOAD: '0xA000'>, 'x', 0]
  2 - 0x1500 - [<Opcode.EPUSH: '0x1500'>, None, 0]
  3 - 0xa001 - [<Opcode.LOAD: '0xA000'>, 'y', 0]
  4 - 0x1500 - [<Opcode.EPUSH: '0x1500'>, None, 0]
  5 - 0x1600 - [<Opcode.EPOP: '0x1600'>, None, 0]
  6 - 0x1b00 - [<Opcode.SUB: '0x1B00'>, None, 0]
  7 - 0x1700 - [<Opcode.ZERO: '0x1700'>, None, 0]
  8 - 0xb400 - [<Opcode.STORE: '0xB000'>, <Data.EStack: 4>, 0]
  9 - 0x1600 - [<Opcode.EPOP: '0x1600'>, None, 0]
  10 - 0x1200 - [<Opcode.CMP: '0x1200'>, None, 0]
  11 - 0xe00f - [<Opcode.JZ: '0xE000'>, 15, 0]
  12 - 0xa100 - [<Opcode.LOAD: '0xA000'>, 256, 0]
  13 - 0x1500 - [<Opcode.EPUSH: '0x1500'>, None, 0]
  14 - 0xf011 - [<Opcode.JMP: '0xF000'>, 17, 0]
  15 - 0xa10c - [<Opcode.LOAD: '0xA000'>, 268, 0]
  16 - 0x1500 - [<Opcode.EPUSH: '0x1500'>, None, 0]
  17 - 0xa400 - [<Opcode.LOAD: '0xA000'>, <Data.EStack: 4>, 0]
  18 - 0xac00 - [<Opcode.LOAD: '0xA000'>, <Data.Ar: 5>, 0]
  19 - 0x1200 - [<Opcode.CMP: '0x1200'>, None, 0]
  20 - 0xe018 - [<Opcode.JZ: '0xE000'>, 24, 0]
  21 - 0x1d00 - [<Opcode.PRINT: '0x1D00'>, None, 0]
  22 - 0x1e00 - [<Opcode.INCESTACK: '0x1E00'>, None, 0]
  23 - 0xf011 - [<Opcode.JMP: '0xF000'>, 17, 0]
  24 - 0x1600 - [<Opcode.EPOP: '0x1600'>, None, 0]
  25 - 0x1100 - [<Opcode.HALT: '0x1100'>, None, 0]
